Godot Engine v4.7.2.stable.official.ed1daf0bf - https://godotengine.org

ERROR: Failed to read the root certificate store.
   at: get_system_ca_certificates (platform/windows/os_windows.cpp:2582)
[   0% ] first_scan_filesystem | Started Project initialization (5 steps)
[   0% ] first_scan_filesystem | Scanning file structure...
[  16% ] first_scan_filesystem | Loading global class names...
[  33% ] first_scan_filesystem | Verifying GDExtensions...
[  50% ] first_scan_filesystem | Creating autoload scripts...
[  66% ] first_scan_filesystem | Initializing plugins...
[  83% ] first_scan_filesystem | Starting file scan...
[ DONE ] first_scan_filesystem

[   0% ] _update_scan_actions | Started Scanning actions... (18 steps)
[   0% ] _update_scan_actions | tile_jungle_bg_vines.png
[   5% ] _update_scan_actions | tile_jungle_bottom_brown.png
[  10% ] _update_scan_actions | tile_jungle_bottom_grey.png
[  15% ] _update_scan_actions | tile_jungle_bottom_water.png
[  21% ] _update_scan_actions | tile_jungle_bridge.png
[  26% ] _update_scan_actions | tile_jungle_ground_brown.png
[  31% ] _update_scan_actions | tile_jungle_ground_grey.png
[  36% ] _update_scan_actions | tile_jungle_plants_objects.png
[  42% ] _update_scan_actions | tile_jungle_slopes_brown.png
[  47% ] _update_scan_actions | tile_jungle_slopes_grey.png
[  52% ] _update_scan_actions | tile_jungle_treelimb.png
[  57% ] _update_scan_actions | tile_jungle_tree_dark.png
[  63% ] _update_scan_actions | tile_jungle_tree_light.png
[  68% ] _update_scan_actions | tile_jungle_vegetation.png
[  73% ] _update_scan_actions | tile_jungle_wall_brown.png
[  78% ] _update_scan_actions | tile_jungle_wall_grey.png
[  84% ] _update_scan_actions | tile_jungle_water.png
[  89% ] _update_scan_actions | tile_temple.png
[ DONE ] _update_scan_actions

[   0% ] reimport | Started (Re)Importing Assets (18 steps)
[   0% ] reimport | Preparing files to reimport...
[   5% ] reimport | Preparing files to reimport...
[  10% ] reimport | Preparing files to reimport...
[  15% ] reimport | Preparing files to reimport...
[  21% ] reimport | Preparing files to reimport...
[  26% ] reimport | Preparing files to reimport...
[  31% ] reimport | Preparing files to reimport...
[  36% ] reimport | Preparing files to reimport...
[  42% ] reimport | Preparing files to reimport...
[  47% ] reimport | Preparing files to reimport...
[  52% ] reimport | Preparing files to reimport...
[  57% ] reimport | Preparing files to reimport...
[  63% ] reimport | Preparing files to reimport...
[  68% ] reimport | Preparing files to reimport...
[  73% ] reimport | Preparing files to reimport...
[  78% ] reimport | Preparing files to reimport...
[  84% ] reimport | Preparing files to reimport...
[  89% ] reimport | Preparing files to reimport...
[   0% ] reimport | Executing pre-reimport operations...
[   0% ] reimport | tile_temple.png
[   5% ] reimport | tile_jungle_water.png
[  10% ] reimport | tile_jungle_wall_grey.png
[  15% ] reimport | tile_jungle_wall_brown.png
[  21% ] reimport | tile_jungle_vegetation.png
[  26% ] reimport | tile_jungle_tree_light.png
[  31% ] reimport | tile_jungle_tree_dark.png
[  36% ] reimport | tile_jungle_treelimb.png
[  42% ] reimport | tile_jungle_slopes_grey.png
[  47% ] reimport | tile_jungle_slopes_brown.png
[  52% ] reimport | tile_jungle_plants_objects.png
[  57% ] reimport | tile_jungle_ground_grey.png
[  63% ] reimport | tile_jungle_ground_brown.png
[  68% ] reimport | tile_jungle_bridge.png
[  73% ] reimport | tile_jungle_bottom_water.png
[  78% ] reimport | tile_jungle_bottom_grey.png
[  84% ] reimport | tile_jungle_bottom_brown.png
[  89% ] reimport | tile_jungle_bg_vines.png
[  94% ] reimport | Finalizing Asset Import...
[ DONE ] reimport

[   0% ] reimport | Started (Re)Importing Assets (18 steps)
[   0% ] reimport | Executing post-reimport operations...
[ DONE ] reimport

[   0% ] loading_editor_layout | Started Loading editor (5 steps)
[   0% ] loading_editor_layout | Loading editor layout...
[  16% ] loading_editor_layout | Loading docks...
[  33% ] loading_editor_layout | Reopening scenes...
[  50% ] loading_editor_layout | Loading central editor layout...
[  66% ] loading_editor_layout | Loading plugin window layout...
[  83% ] loading_editor_layout | Editor layout ready.
[ DONE ] loading_editor_layout

